2025-08-17 21:22:55,275 | INFO | Fetching market data for Wheat in all
2025-08-17 21:22:55,822 | INFO | Successfully fetched market data: Wheat @ ₹2700.0/quintal
2025-08-17 21:22:55,824 | INFO | Fetching market data for Rice in all
2025-08-17 21:22:56,241 | INFO | Successfully fetched market data: Rice @ ₹3180.0/quintal
2025-08-17 21:22:56,242 | INFO | Fetching market data for Cotton in all
2025-08-17 21:22:56,868 | INFO | Successfully fetched market data: Cotton @ ₹5800.0/quintal
2025-08-17 21:22:56,869 | INFO | Fetching market data for Soybean in all
2025-08-17 21:22:57,351 | WARNING | No records found in API response for Soybean
2025-08-17 21:22:57,352 | INFO | Using fallback data for Soybean
2025-08-17 23:39:52,981 | INFO | Fetching market data for Wheat in all
2025-08-17 23:39:53,585 | INFO | Successfully fetched market data: Wheat @ ₹2700.0/quintal
2025-08-17 23:39:53,587 | INFO | Fetching market data for Rice in all
2025-08-17 23:40:08,691 | ERROR | API request timed out
2025-08-17 23:40:08,693 | INFO | Using fallback data for Rice
2025-08-17 23:40:08,696 | INFO | Fetching market data for Cotton in all
2025-08-17 23:40:09,293 | INFO | Successfully fetched market data: Cotton @ ₹5800.0/quintal
2025-08-17 23:40:09,294 | INFO | Fetching market data for Soybean in all
2025-08-17 23:40:09,752 | WARNING | No records found in API response for Soybean
2025-08-17 23:40:09,752 | INFO | Using fallback data for Soybean
2025-08-18 02:24:19,819 | INFO | Fetching market data for Wheat in all
2025-08-18 02:24:20,400 | INFO | Successfully fetched market data: Wheat @ ₹2700.0/quintal
2025-08-18 02:24:20,401 | INFO | Fetching market data for Rice in all
2025-08-18 02:24:20,992 | INFO | Successfully fetched market data: Rice @ ₹3180.0/quintal
2025-08-18 02:24:20,993 | INFO | Fetching market data for Cotton in all
2025-08-18 02:24:21,556 | INFO | Successfully fetched market data: Cotton @ ₹5800.0/quintal
2025-08-18 02:24:21,557 | INFO | Fetching market data for Soybean in all
2025-08-18 02:24:22,004 | WARNING | No records found in API response for Soybean
2025-08-18 02:24:22,004 | INFO | Using fallback data for Soybean
2025-08-18 02:51:42,520 | INFO | Using cached market data for Wheat in all
2025-08-18 02:51:42,520 | INFO | Using cached market data for Rice in all
2025-08-18 02:51:42,520 | INFO | Using cached market data for Cotton in all
2025-08-18 02:51:42,520 | INFO | Fetching market data for Soybean in all
2025-08-18 02:51:44,387 | WARNING | No records found in API response for Soybean
2025-08-18 02:51:44,387 | INFO | Using fallback data for Soybean
2025-08-18 19:48:16,561 | INFO | Fetching market data for Wheat in all
2025-08-18 19:48:21,673 | INFO | Successfully fetched market data: Wheat @ ₹2428.0/quintal
2025-08-18 19:48:21,674 | INFO | Fetching market data for Rice in all
2025-08-18 19:48:23,073 | INFO | Successfully fetched market data: Rice @ ₹5500.0/quintal
2025-08-18 19:48:23,074 | INFO | Fetching market data for Cotton in all
2025-08-18 19:48:24,985 | INFO | Successfully fetched market data: Cotton @ ₹8210.0/quintal
2025-08-18 19:48:24,986 | INFO | Fetching market data for Soybean in all
2025-08-18 19:48:26,785 | WARNING | No records found in API response for Soybean
2025-08-18 19:48:26,786 | INFO | Using fallback data for Soybean
2025-08-20 16:36:22,681 | INFO | Fetching market data for Wheat in all
2025-08-20 16:36:45,144 | ERROR | API request timed out
2025-08-20 16:36:45,145 | INFO | Using fallback data for Wheat
2025-08-20 16:36:45,147 | INFO | Fetching market data for Rice in all
2025-08-20 16:37:00,317 | ERROR | API request timed out
2025-08-20 16:37:00,318 | INFO | Using fallback data for Rice
2025-08-20 16:37:00,319 | INFO | Fetching market data for Cotton in all
2025-08-20 16:37:17,626 | ERROR | API request timed out
2025-08-20 16:37:17,627 | INFO | Using fallback data for Cotton
2025-08-20 16:37:17,629 | INFO | Fetching market data for Soybean in all
2025-08-20 16:37:34,499 | ERROR | API request timed out
2025-08-20 16:37:34,502 | INFO | Using fallback data for Soybean
2025-08-20 16:38:05,824 | INFO | Fetching market data for Wheat in all
2025-08-20 16:38:20,984 | ERROR | API request timed out
2025-08-20 16:38:20,986 | INFO | Using fallback data for Wheat
2025-08-20 16:38:20,987 | INFO | Fetching market data for Rice in all
2025-08-20 16:38:37,472 | ERROR | API request timed out
2025-08-20 16:38:37,474 | INFO | Using fallback data for Rice
2025-08-20 16:38:37,479 | INFO | Fetching market data for Cotton in all
2025-08-20 16:38:37,485 | ERROR | Failed to connect to data.gov.in API
2025-08-20 16:38:37,485 | INFO | Using fallback data for Cotton
2025-08-20 16:38:37,486 | INFO | Fetching market data for Soybean in all
2025-08-20 16:38:37,488 | ERROR | Failed to connect to data.gov.in API
2025-08-20 16:38:37,488 | INFO | Using fallback data for Soybean
2025-08-22 09:19:42,874 | INFO | Fetching market data for Wheat in all
2025-08-22 09:19:43,773 | INFO | Successfully fetched market data: Wheat @ ₹2450.0/quintal
2025-08-22 09:19:43,777 | INFO | Fetching market data for Rice in all
2025-08-22 09:19:46,807 | WARNING | No records found in API response for Rice
2025-08-22 09:19:46,807 | INFO | Using fallback data for Rice
2025-08-22 09:19:46,811 | INFO | Fetching market data for Cotton in all
2025-08-22 09:19:48,290 | WARNING | No records found in API response for Cotton
2025-08-22 09:19:48,290 | INFO | Using fallback data for Cotton
2025-08-22 09:19:48,295 | INFO | Fetching market data for Soybean in all
2025-08-22 09:19:48,813 | WARNING | No records found in API response for Soybean
2025-08-22 09:19:48,814 | INFO | Using fallback data for Soybean
2026-04-10 02:32:28,107 | INFO | Fetching market data for Wheat in all
2026-04-10 02:32:28,614 | WARNING | No records found in API response for Wheat
2026-04-10 02:32:28,614 | INFO | Using fallback data for Wheat
2026-04-10 02:32:28,617 | INFO | Fetching market data for Rice in all
2026-04-10 02:32:29,063 | WARNING | No records found in API response for Rice
2026-04-10 02:32:29,064 | INFO | Using fallback data for Rice
2026-04-10 02:32:29,066 | INFO | Fetching market data for Cotton in all
2026-04-10 02:32:29,450 | WARNING | No records found in API response for Cotton
2026-04-10 02:32:29,450 | INFO | Using fallback data for Cotton
2026-04-10 02:32:29,454 | INFO | Fetching market data for Soybean in all
2026-04-10 02:32:29,928 | WARNING | No records found in API response for Soybean
2026-04-10 02:32:29,929 | INFO | Using fallback data for Soybean
2026-04-10 02:32:57,438 | INFO | Fetching market data for Wheat in all
2026-04-10 02:32:57,813 | WARNING | No records found in API response for Wheat
2026-04-10 02:32:57,813 | INFO | Using fallback data for Wheat
2026-04-10 02:32:57,816 | INFO | Fetching market data for Rice in all
2026-04-10 02:32:58,173 | WARNING | No records found in API response for Rice
2026-04-10 02:32:58,173 | INFO | Using fallback data for Rice
2026-04-10 02:32:58,176 | INFO | Fetching market data for Cotton in all
2026-04-10 02:32:58,535 | WARNING | No records found in API response for Cotton
2026-04-10 02:32:58,535 | INFO | Using fallback data for Cotton
2026-04-10 02:32:58,536 | INFO | Fetching market data for Soybean in all
2026-04-10 02:32:58,884 | WARNING | No records found in API response for Soybean
2026-04-10 02:32:58,884 | INFO | Using fallback data for Soybean
2026-04-10 02:34:38,352 | INFO | Fetching market data for Wheat in all
2026-04-10 02:34:38,819 | WARNING | No records found in API response for Wheat
2026-04-10 02:34:38,819 | INFO | Using fallback data for Wheat
2026-04-10 02:34:38,822 | INFO | Fetching market data for Rice in all
2026-04-10 02:34:39,190 | WARNING | No records found in API response for Rice
2026-04-10 02:34:39,190 | INFO | Using fallback data for Rice
2026-04-10 02:34:39,194 | INFO | Fetching market data for Cotton in all
2026-04-10 02:34:39,581 | WARNING | No records found in API response for Cotton
2026-04-10 02:34:39,582 | INFO | Using fallback data for Cotton
2026-04-10 02:34:39,584 | INFO | Fetching market data for Soybean in all
2026-04-10 02:34:39,972 | WARNING | No records found in API response for Soybean
2026-04-10 02:34:39,972 | INFO | Using fallback data for Soybean
2026-04-10 02:47:56,287 | INFO | Fetching market data for Wheat in all
2026-04-10 02:47:56,835 | WARNING | No records found in API response for Wheat
2026-04-10 02:47:56,836 | INFO | Using fallback data for Wheat
2026-04-10 02:47:56,839 | INFO | Fetching market data for Rice in all
2026-04-10 02:47:57,501 | WARNING | No records found in API response for Rice
2026-04-10 02:47:57,501 | INFO | Using fallback data for Rice
2026-04-10 02:47:57,502 | INFO | Fetching market data for Cotton in all
2026-04-10 02:47:58,164 | WARNING | No records found in API response for Cotton
2026-04-10 02:47:58,164 | INFO | Using fallback data for Cotton
2026-04-10 02:47:58,168 | INFO | Fetching market data for Soybean in all
2026-04-10 02:47:58,775 | WARNING | No records found in API response for Soybean
2026-04-10 02:47:58,775 | INFO | Using fallback data for Soybean
