2025-08-17 21:22:28,845 | ERROR | Error retrieving cached forecast: no such table: weather_forecast_cache
Traceback (most recent call last):
  File "/Users/aastik/agrinew/weather_alert_system.py", line 389, in _get_cached_forecast
    cur = self.conn.execute(
sqlite3.OperationalError: no such table: weather_forecast_cache
2025-08-17 21:22:28,847 | INFO | Weather alerts generated for Ravi Joshi 1: 1 alerts
2025-08-17 21:22:28,847 | ERROR | Error retrieving cached forecast: no such table: weather_forecast_cache
Traceback (most recent call last):
  File "/Users/aastik/agrinew/weather_alert_system.py", line 389, in _get_cached_forecast
    cur = self.conn.execute(
sqlite3.OperationalError: no such table: weather_forecast_cache
2025-08-17 21:22:28,848 | INFO | Weather alerts generated for Ramesh Singh 2: 1 alerts
2025-08-17 21:22:28,848 | ERROR | Error retrieving cached forecast: no such table: weather_forecast_cache
Traceback (most recent call last):
  File "/Users/aastik/agrinew/weather_alert_system.py", line 389, in _get_cached_forecast
    cur = self.conn.execute(
sqlite3.OperationalError: no such table: weather_forecast_cache
2025-08-17 21:22:28,848 | INFO | Weather alerts generated for Santosh Yadav 3: 1 alerts
2025-08-17 21:22:28,848 | ERROR | Error retrieving cached forecast: no such table: weather_forecast_cache
Traceback (most recent call last):
  File "/Users/aastik/agrinew/weather_alert_system.py", line 389, in _get_cached_forecast
    cur = self.conn.execute(
sqlite3.OperationalError: no such table: weather_forecast_cache
2025-08-17 21:22:28,848 | INFO | Weather alerts generated for Dinesh Kumar 4: 1 alerts
2025-08-17 21:22:28,848 | ERROR | Error retrieving cached forecast: no such table: weather_forecast_cache
Traceback (most recent call last):
  File "/Users/aastik/agrinew/weather_alert_system.py", line 389, in _get_cached_forecast
    cur = self.conn.execute(
sqlite3.OperationalError: no such table: weather_forecast_cache
2025-08-17 21:22:28,848 | INFO | Weather alerts generated for Anil Verma 5: 1 alerts
2025-08-17 21:22:28,848 | INFO | Weather check complete: 5 farmers checked, 5 alerts generated
2025-08-18 02:23:27,114 | ERROR | Error retrieving cached forecast: no such table: weather_forecast_cache
Traceback (most recent call last):
  File "/Users/aastik/agrinew/weather_alert_system.py", line 389, in _get_cached_forecast
    cur = self.conn.execute(
sqlite3.OperationalError: no such table: weather_forecast_cache
2025-08-18 02:23:27,116 | INFO | Weather alerts generated for Ravi Joshi 1: 1 alerts
2025-08-18 02:23:27,116 | ERROR | Error retrieving cached forecast: no such table: weather_forecast_cache
Traceback (most recent call last):
  File "/Users/aastik/agrinew/weather_alert_system.py", line 389, in _get_cached_forecast
    cur = self.conn.execute(
sqlite3.OperationalError: no such table: weather_forecast_cache
2025-08-18 02:23:27,117 | INFO | Weather alerts generated for Ramesh Singh 2: 1 alerts
2025-08-18 02:23:27,117 | ERROR | Error retrieving cached forecast: no such table: weather_forecast_cache
Traceback (most recent call last):
  File "/Users/aastik/agrinew/weather_alert_system.py", line 389, in _get_cached_forecast
    cur = self.conn.execute(
sqlite3.OperationalError: no such table: weather_forecast_cache
2025-08-18 02:23:27,117 | INFO | Weather alerts generated for Santosh Yadav 3: 1 alerts
2025-08-18 02:23:27,117 | ERROR | Error retrieving cached forecast: no such table: weather_forecast_cache
Traceback (most recent call last):
  File "/Users/aastik/agrinew/weather_alert_system.py", line 389, in _get_cached_forecast
    cur = self.conn.execute(
sqlite3.OperationalError: no such table: weather_forecast_cache
2025-08-18 02:23:27,117 | INFO | Weather alerts generated for Dinesh Kumar 4: 1 alerts
2025-08-18 02:23:27,117 | ERROR | Error retrieving cached forecast: no such table: weather_forecast_cache
Traceback (most recent call last):
  File "/Users/aastik/agrinew/weather_alert_system.py", line 389, in _get_cached_forecast
    cur = self.conn.execute(
sqlite3.OperationalError: no such table: weather_forecast_cache
2025-08-18 02:23:27,117 | INFO | Weather alerts generated for Anil Verma 5: 1 alerts
2025-08-18 02:23:27,117 | INFO | Weather check complete: 5 farmers checked, 5 alerts generated
2025-08-18 02:51:30,171 | ERROR | Error retrieving cached forecast: no such table: weather_forecast_cache
Traceback (most recent call last):
  File "/Users/aastik/agrinew/weather_alert_system.py", line 389, in _get_cached_forecast
    cur = self.conn.execute(
sqlite3.OperationalError: no such table: weather_forecast_cache
2025-08-18 02:51:30,173 | INFO | Weather alerts generated for Ravi Joshi 1: 1 alerts
2025-08-18 02:51:30,173 | ERROR | Error retrieving cached forecast: no such table: weather_forecast_cache
Traceback (most recent call last):
  File "/Users/aastik/agrinew/weather_alert_system.py", line 389, in _get_cached_forecast
    cur = self.conn.execute(
sqlite3.OperationalError: no such table: weather_forecast_cache
2025-08-18 02:51:30,173 | INFO | Weather alerts generated for Ramesh Singh 2: 1 alerts
2025-08-18 02:51:30,173 | ERROR | Error retrieving cached forecast: no such table: weather_forecast_cache
Traceback (most recent call last):
  File "/Users/aastik/agrinew/weather_alert_system.py", line 389, in _get_cached_forecast
    cur = self.conn.execute(
sqlite3.OperationalError: no such table: weather_forecast_cache
2025-08-18 02:51:30,173 | INFO | Weather alerts generated for Santosh Yadav 3: 1 alerts
2025-08-18 02:51:30,173 | ERROR | Error retrieving cached forecast: no such table: weather_forecast_cache
Traceback (most recent call last):
  File "/Users/aastik/agrinew/weather_alert_system.py", line 389, in _get_cached_forecast
    cur = self.conn.execute(
sqlite3.OperationalError: no such table: weather_forecast_cache
2025-08-18 02:51:30,173 | INFO | Weather alerts generated for Dinesh Kumar 4: 1 alerts
2025-08-18 02:51:30,173 | ERROR | Error retrieving cached forecast: no such table: weather_forecast_cache
Traceback (most recent call last):
  File "/Users/aastik/agrinew/weather_alert_system.py", line 389, in _get_cached_forecast
    cur = self.conn.execute(
sqlite3.OperationalError: no such table: weather_forecast_cache
2025-08-18 02:51:30,174 | INFO | Weather alerts generated for Anil Verma 5: 1 alerts
2025-08-18 02:51:30,174 | INFO | Weather check complete: 5 farmers checked, 5 alerts generated
2026-04-10 02:47:26,443 | ERROR | Error retrieving cached forecast: no such table: weather_forecast_cache
Traceback (most recent call last):
  File "/Users/aastik/PROJECTS/agrinew/weather_alert_system.py", line 389, in _get_cached_forecast
    cur = self.conn.execute(
sqlite3.OperationalError: no such table: weather_forecast_cache
2026-04-10 02:47:26,444 | INFO | Weather alerts generated for Ravi Joshi 1: 1 alerts
2026-04-10 02:47:26,444 | ERROR | Error retrieving cached forecast: no such table: weather_forecast_cache
Traceback (most recent call last):
  File "/Users/aastik/PROJECTS/agrinew/weather_alert_system.py", line 389, in _get_cached_forecast
    cur = self.conn.execute(
sqlite3.OperationalError: no such table: weather_forecast_cache
2026-04-10 02:47:26,444 | INFO | Weather alerts generated for Ramesh Singh 2: 1 alerts
2026-04-10 02:47:26,444 | ERROR | Error retrieving cached forecast: no such table: weather_forecast_cache
Traceback (most recent call last):
  File "/Users/aastik/PROJECTS/agrinew/weather_alert_system.py", line 389, in _get_cached_forecast
    cur = self.conn.execute(
sqlite3.OperationalError: no such table: weather_forecast_cache
2026-04-10 02:47:26,444 | INFO | Weather alerts generated for Santosh Yadav 3: 1 alerts
2026-04-10 02:47:26,444 | ERROR | Error retrieving cached forecast: no such table: weather_forecast_cache
Traceback (most recent call last):
  File "/Users/aastik/PROJECTS/agrinew/weather_alert_system.py", line 389, in _get_cached_forecast
    cur = self.conn.execute(
sqlite3.OperationalError: no such table: weather_forecast_cache
2026-04-10 02:47:26,445 | INFO | Weather alerts generated for Dinesh Kumar 4: 1 alerts
2026-04-10 02:47:26,445 | ERROR | Error retrieving cached forecast: no such table: weather_forecast_cache
Traceback (most recent call last):
  File "/Users/aastik/PROJECTS/agrinew/weather_alert_system.py", line 389, in _get_cached_forecast
    cur = self.conn.execute(
sqlite3.OperationalError: no such table: weather_forecast_cache
2026-04-10 02:47:26,445 | INFO | Weather alerts generated for Anil Verma 5: 1 alerts
2026-04-10 02:47:26,445 | INFO | Weather check complete: 5 farmers checked, 5 alerts generated
2026-04-10 02:47:39,288 | ERROR | Error retrieving cached forecast: no such table: weather_forecast_cache
Traceback (most recent call last):
  File "/Users/aastik/PROJECTS/agrinew/weather_alert_system.py", line 389, in _get_cached_forecast
    cur = self.conn.execute(
sqlite3.OperationalError: no such table: weather_forecast_cache
2026-04-10 02:47:39,291 | INFO | Weather alerts generated for Ravi Joshi 1: 1 alerts
2026-04-10 02:47:39,291 | ERROR | Error retrieving cached forecast: no such table: weather_forecast_cache
Traceback (most recent call last):
  File "/Users/aastik/PROJECTS/agrinew/weather_alert_system.py", line 389, in _get_cached_forecast
    cur = self.conn.execute(
sqlite3.OperationalError: no such table: weather_forecast_cache
2026-04-10 02:47:39,291 | INFO | Weather alerts generated for Ramesh Singh 2: 1 alerts
2026-04-10 02:47:39,291 | ERROR | Error retrieving cached forecast: no such table: weather_forecast_cache
Traceback (most recent call last):
  File "/Users/aastik/PROJECTS/agrinew/weather_alert_system.py", line 389, in _get_cached_forecast
    cur = self.conn.execute(
sqlite3.OperationalError: no such table: weather_forecast_cache
2026-04-10 02:47:39,291 | INFO | Weather alerts generated for Santosh Yadav 3: 1 alerts
2026-04-10 02:47:39,291 | ERROR | Error retrieving cached forecast: no such table: weather_forecast_cache
Traceback (most recent call last):
  File "/Users/aastik/PROJECTS/agrinew/weather_alert_system.py", line 389, in _get_cached_forecast
    cur = self.conn.execute(
sqlite3.OperationalError: no such table: weather_forecast_cache
2026-04-10 02:47:39,291 | INFO | Weather alerts generated for Dinesh Kumar 4: 1 alerts
2026-04-10 02:47:39,291 | ERROR | Error retrieving cached forecast: no such table: weather_forecast_cache
Traceback (most recent call last):
  File "/Users/aastik/PROJECTS/agrinew/weather_alert_system.py", line 389, in _get_cached_forecast
    cur = self.conn.execute(
sqlite3.OperationalError: no such table: weather_forecast_cache
2026-04-10 02:47:39,291 | INFO | Weather alerts generated for Anil Verma 5: 1 alerts
2026-04-10 02:47:39,291 | INFO | Weather check complete: 5 farmers checked, 5 alerts generated
2026-04-18 22:18:32,604 | ERROR | Error retrieving cached forecast: no such table: weather_forecast_cache
Traceback (most recent call last):
  File "/Users/aastik/PROJECTS/agrinew/weather_alert_system.py", line 389, in _get_cached_forecast
    cur = self.conn.execute(
sqlite3.OperationalError: no such table: weather_forecast_cache
2026-04-18 22:18:32,606 | INFO | Weather alerts generated for Ravi Joshi 1: 1 alerts
2026-04-18 22:18:32,606 | ERROR | Error retrieving cached forecast: no such table: weather_forecast_cache
Traceback (most recent call last):
  File "/Users/aastik/PROJECTS/agrinew/weather_alert_system.py", line 389, in _get_cached_forecast
    cur = self.conn.execute(
sqlite3.OperationalError: no such table: weather_forecast_cache
2026-04-18 22:18:32,606 | INFO | Weather alerts generated for Ramesh Singh 2: 1 alerts
2026-04-18 22:18:32,606 | ERROR | Error retrieving cached forecast: no such table: weather_forecast_cache
Traceback (most recent call last):
  File "/Users/aastik/PROJECTS/agrinew/weather_alert_system.py", line 389, in _get_cached_forecast
    cur = self.conn.execute(
sqlite3.OperationalError: no such table: weather_forecast_cache
2026-04-18 22:18:32,606 | INFO | Weather alerts generated for Santosh Yadav 3: 1 alerts
2026-04-18 22:18:32,606 | ERROR | Error retrieving cached forecast: no such table: weather_forecast_cache
Traceback (most recent call last):
  File "/Users/aastik/PROJECTS/agrinew/weather_alert_system.py", line 389, in _get_cached_forecast
    cur = self.conn.execute(
sqlite3.OperationalError: no such table: weather_forecast_cache
2026-04-18 22:18:32,607 | INFO | Weather alerts generated for Dinesh Kumar 4: 1 alerts
2026-04-18 22:18:32,607 | ERROR | Error retrieving cached forecast: no such table: weather_forecast_cache
Traceback (most recent call last):
  File "/Users/aastik/PROJECTS/agrinew/weather_alert_system.py", line 389, in _get_cached_forecast
    cur = self.conn.execute(
sqlite3.OperationalError: no such table: weather_forecast_cache
2026-04-18 22:18:32,607 | INFO | Weather alerts generated for Anil Verma 5: 1 alerts
2026-04-18 22:18:32,607 | INFO | Weather check complete: 5 farmers checked, 5 alerts generated
2026-04-18 22:18:42,909 | ERROR | Error retrieving cached forecast: no such table: weather_forecast_cache
Traceback (most recent call last):
  File "/Users/aastik/PROJECTS/agrinew/weather_alert_system.py", line 389, in _get_cached_forecast
    cur = self.conn.execute(
sqlite3.OperationalError: no such table: weather_forecast_cache
2026-04-18 22:18:42,909 | INFO | Weather alerts generated for Ravi Joshi 1: 1 alerts
2026-04-18 22:18:42,910 | ERROR | Error retrieving cached forecast: no such table: weather_forecast_cache
Traceback (most recent call last):
  File "/Users/aastik/PROJECTS/agrinew/weather_alert_system.py", line 389, in _get_cached_forecast
    cur = self.conn.execute(
sqlite3.OperationalError: no such table: weather_forecast_cache
2026-04-18 22:18:42,912 | INFO | Weather alerts generated for Ramesh Singh 2: 1 alerts
2026-04-18 22:18:42,913 | ERROR | Error retrieving cached forecast: no such table: weather_forecast_cache
Traceback (most recent call last):
  File "/Users/aastik/PROJECTS/agrinew/weather_alert_system.py", line 389, in _get_cached_forecast
    cur = self.conn.execute(
sqlite3.OperationalError: no such table: weather_forecast_cache
2026-04-18 22:18:42,913 | INFO | Weather alerts generated for Santosh Yadav 3: 1 alerts
2026-04-18 22:18:42,913 | ERROR | Error retrieving cached forecast: no such table: weather_forecast_cache
Traceback (most recent call last):
  File "/Users/aastik/PROJECTS/agrinew/weather_alert_system.py", line 389, in _get_cached_forecast
    cur = self.conn.execute(
sqlite3.OperationalError: no such table: weather_forecast_cache
2026-04-18 22:18:42,914 | INFO | Weather alerts generated for Dinesh Kumar 4: 1 alerts
2026-04-18 22:18:42,914 | ERROR | Error retrieving cached forecast: no such table: weather_forecast_cache
Traceback (most recent call last):
  File "/Users/aastik/PROJECTS/agrinew/weather_alert_system.py", line 389, in _get_cached_forecast
    cur = self.conn.execute(
sqlite3.OperationalError: no such table: weather_forecast_cache
2026-04-18 22:18:42,914 | INFO | Weather alerts generated for Anil Verma 5: 1 alerts
2026-04-18 22:18:42,914 | INFO | Weather check complete: 5 farmers checked, 5 alerts generated
2026-04-18 22:18:44,130 | ERROR | Error retrieving cached forecast: no such table: weather_forecast_cache
Traceback (most recent call last):
  File "/Users/aastik/PROJECTS/agrinew/weather_alert_system.py", line 389, in _get_cached_forecast
    cur = self.conn.execute(
sqlite3.OperationalError: no such table: weather_forecast_cache
2026-04-18 22:18:44,130 | INFO | Weather alerts generated for Ravi Joshi 1: 1 alerts
2026-04-18 22:18:44,130 | ERROR | Error retrieving cached forecast: no such table: weather_forecast_cache
Traceback (most recent call last):
  File "/Users/aastik/PROJECTS/agrinew/weather_alert_system.py", line 389, in _get_cached_forecast
    cur = self.conn.execute(
sqlite3.OperationalError: no such table: weather_forecast_cache
2026-04-18 22:18:44,131 | INFO | Weather alerts generated for Ramesh Singh 2: 1 alerts
2026-04-18 22:18:44,131 | ERROR | Error retrieving cached forecast: no such table: weather_forecast_cache
Traceback (most recent call last):
  File "/Users/aastik/PROJECTS/agrinew/weather_alert_system.py", line 389, in _get_cached_forecast
    cur = self.conn.execute(
sqlite3.OperationalError: no such table: weather_forecast_cache
2026-04-18 22:18:44,131 | INFO | Weather alerts generated for Santosh Yadav 3: 1 alerts
2026-04-18 22:18:44,131 | ERROR | Error retrieving cached forecast: no such table: weather_forecast_cache
Traceback (most recent call last):
  File "/Users/aastik/PROJECTS/agrinew/weather_alert_system.py", line 389, in _get_cached_forecast
    cur = self.conn.execute(
sqlite3.OperationalError: no such table: weather_forecast_cache
2026-04-18 22:18:44,131 | INFO | Weather alerts generated for Dinesh Kumar 4: 1 alerts
2026-04-18 22:18:44,131 | ERROR | Error retrieving cached forecast: no such table: weather_forecast_cache
Traceback (most recent call last):
  File "/Users/aastik/PROJECTS/agrinew/weather_alert_system.py", line 389, in _get_cached_forecast
    cur = self.conn.execute(
sqlite3.OperationalError: no such table: weather_forecast_cache
2026-04-18 22:18:44,131 | INFO | Weather alerts generated for Anil Verma 5: 1 alerts
2026-04-18 22:18:44,131 | INFO | Weather check complete: 5 farmers checked, 5 alerts generated
2026-04-18 22:25:26,260 | INFO | Weather alerts generated for Ravi Joshi 1: 1 alerts
2026-04-18 22:25:26,260 | INFO | Weather alerts generated for Ramesh Singh 2: 1 alerts
2026-04-18 22:25:26,261 | INFO | Weather alerts generated for Santosh Yadav 3: 1 alerts
2026-04-18 22:25:26,261 | INFO | Weather alerts generated for Dinesh Kumar 4: 1 alerts
2026-04-18 22:25:26,261 | INFO | Weather alerts generated for Anil Verma 5: 1 alerts
2026-04-18 22:25:26,261 | INFO | Weather check complete: 5 farmers checked, 5 alerts generated
2026-04-19 15:59:17,137 | INFO | Weather alerts generated for Ravi Joshi 1: 1 alerts
2026-04-19 15:59:17,138 | INFO | Weather alerts generated for Ramesh Singh 2: 1 alerts
2026-04-19 15:59:17,138 | INFO | Weather alerts generated for Santosh Yadav 3: 1 alerts
2026-04-19 15:59:17,138 | INFO | Weather alerts generated for Dinesh Kumar 4: 1 alerts
2026-04-19 15:59:17,138 | INFO | Weather alerts generated for Anil Verma 5: 1 alerts
2026-04-19 15:59:17,138 | INFO | Weather check complete: 5 farmers checked, 5 alerts generated
2026-04-19 16:03:57,768 | INFO | Weather alerts generated for Ravi Joshi 1: 1 alerts
2026-04-19 16:03:57,768 | INFO | Weather alerts generated for Ramesh Singh 2: 1 alerts
2026-04-19 16:03:57,768 | INFO | Weather alerts generated for Santosh Yadav 3: 1 alerts
2026-04-19 16:03:57,768 | INFO | Weather alerts generated for Dinesh Kumar 4: 1 alerts
2026-04-19 16:03:57,768 | INFO | Weather alerts generated for Anil Verma 5: 1 alerts
2026-04-19 16:03:57,768 | INFO | Weather check complete: 5 farmers checked, 5 alerts generated
2026-04-19 16:16:13,985 | INFO | Weather alerts generated for Ravi Joshi 1: 1 alerts
2026-04-19 16:16:13,986 | INFO | Weather alerts generated for Ramesh Singh 2: 1 alerts
2026-04-19 16:16:13,986 | INFO | Weather alerts generated for Santosh Yadav 3: 1 alerts
2026-04-19 16:16:13,986 | INFO | Weather alerts generated for Dinesh Kumar 4: 1 alerts
2026-04-19 16:16:13,986 | INFO | Weather alerts generated for Anil Verma 5: 1 alerts
2026-04-19 16:16:13,986 | INFO | Weather check complete: 5 farmers checked, 5 alerts generated
2026-04-19 16:16:19,137 | INFO | Weather alerts generated for Ravi Joshi 1: 1 alerts
2026-04-19 16:16:19,137 | INFO | Weather alerts generated for Ramesh Singh 2: 1 alerts
2026-04-19 16:16:19,138 | INFO | Weather alerts generated for Santosh Yadav 3: 1 alerts
2026-04-19 16:16:19,138 | INFO | Weather alerts generated for Dinesh Kumar 4: 1 alerts
2026-04-19 16:16:19,138 | INFO | Weather alerts generated for Anil Verma 5: 1 alerts
2026-04-19 16:16:19,138 | INFO | Weather check complete: 5 farmers checked, 5 alerts generated
2026-04-19 16:28:14,209 | INFO | Weather alerts generated for Ravi Joshi 1: 1 alerts
2026-04-19 16:28:14,209 | INFO | Weather alerts generated for Ramesh Singh 2: 1 alerts
2026-04-19 16:28:14,210 | INFO | Weather alerts generated for Santosh Yadav 3: 1 alerts
2026-04-19 16:28:14,210 | INFO | Weather alerts generated for Dinesh Kumar 4: 1 alerts
2026-04-19 16:28:14,210 | INFO | Weather alerts generated for Anil Verma 5: 1 alerts
2026-04-19 16:28:14,210 | INFO | Weather check complete: 5 farmers checked, 5 alerts generated
